[demo.foxthemes.net/socialitev2.2/feed-layout-2.html]
[demo.foxthemes.net/socialitev2.2/assets/images/favicon.png]
[backblue.gif]
[fade.gif]
[index.html]
[demo.foxthemes.net/socialitev2.2/assets/css/uikit.css]
[demo.foxthemes.net/socialitev2.2/assets/css/icons.css]
[demo.foxthemes.net/socialitev2.2/assets/css/style.css]
[unpkg.com/tailwindcss@^2/dist/tailwind.min.5.delayed]
[demo.foxthemes.net/socialitev2.2/feed.html]
[demo.foxthemes.net/socialitev2.2/assets/images/logo.png]
[demo.foxthemes.net/socialitev2.2/assets/images/logo-mobile.png]
[demo.foxthemes.net/socialitev2.2/assets/images/avatars/avatar-1.jpg]
[demo.foxthemes.net/socialitev2.2/assets/images/avatars/avatar-2.jpg]
[demo.foxthemes.net/socialitev2.2/assets/images/avatars/avatar-3.jpg]
[demo.foxthemes.net/socialitev2.2/assets/images/avatars/avatar-4.jpg]
[demo.foxthemes.net/socialitev2.2/assets/images/avatars/avatar-5.jpg]
[demo.foxthemes.net/socialitev2.2/pages-upgrade.html]
[demo.foxthemes.net/socialitev2.2/assets/images/product/2.jpg]
[demo.foxthemes.net/socialitev2.2/assets/images/product/13.jpg]
[unpkg.com/tailwindcss@2.2.19/dist/tailwind.min.css]
[demo.foxthemes.net/socialitev2.2/assets/images/product/15.jpg]
[demo.foxthemes.net/socialitev2.2/assets/images/product/14.jpg]
[demo.foxthemes.net/socialitev2.2/assets/images/product/9.jpg]
[demo.foxthemes.net/socialitev2.2/assets/images/avatars/avatar-7.jpg]
[demo.foxthemes.net/socialitev2.2/assets/images/avatars/avatar-6.jpg]
[demo.foxthemes.net/socialitev2.2/timeline.html]
[demo.foxthemes.net/socialitev2.2/page-setting.html]
[demo.foxthemes.net/socialitev2.2/groups.html]
[demo.foxthemes.net/socialitev2.2/pages-setting.html]
[demo.foxthemes.net/socialitev2.2/form-login.html]
[demo.foxthemes.net/socialitev2.2/pages.html]
[demo.foxthemes.net/socialitev2.2/videos.html]
[demo.foxthemes.net/socialitev2.2/jobs.html]
[demo.foxthemes.net/socialitev2.2/courses.html]
[demo.foxthemes.net/socialitev2.2/games.html]
[demo.foxthemes.net/socialitev2.2/events.html]
[demo.foxthemes.net/socialitev2.2/products.html]
[demo.foxthemes.net/socialitev2.2/albums.html]
[demo.foxthemes.net/socialitev2.2/blogs.html]
[demo.foxthemes.net/socialitev2.2/forums.html]
[demo.foxthemes.net/socialitev2.2/birthdays.html]
[demo.foxthemes.net/socialitev2.2/fundraiser.html]
[demo.foxthemes.net/socialitev2.2/chats-friend.html]
[demo.foxthemes.net/socialitev2.2/pages-setting2.html]
[demo.foxthemes.net/socialitev2.2/pages-about.html]
[demo.foxthemes.net/socialitev2.2/pages-contact.html]
[demo.foxthemes.net/socialitev2.2/pages-privacy.html]
[demo.foxthemes.net/socialitev2.2/create-group.html]
[demo.foxthemes.net/socialitev2.2/create-page.html]
[demo.foxthemes.net/socialitev2.2/development-components.html]
[demo.foxthemes.net/socialitev2.2/development-plugins.html]
[demo.foxthemes.net/socialitev2.2/development-icons.html]
[demo.foxthemes.net/socialitev2.2/form-register.html]
[demo.foxthemes.net/socialitev2.2/assets/images/avatars/avatar-lg-1.jpg]
[demo.foxthemes.net/socialitev2.2/assets/images/avatars/avatar-lg-2.jpg]
[demo.foxthemes.net/socialitev2.2/assets/images/avatars/avatar-lg-3.jpg]
[demo.foxthemes.net/socialitev2.2/assets/images/avatars/avatar-lg-4.jpg]
[demo.foxthemes.net/socialitev2.2/assets/images/post/img-4.jpg]
[demo.foxthemes.net/socialitev2.2/assets/images/post/img-2.jpg]
[demo.foxthemes.net/socialitev2.2/assets/images/post/img-3.jpg]
[demo.foxthemes.net/socialitev2.2/assets/images/avatars/avatar-8.jpg]
[demo.foxthemes.net/socialitev2.2/assets/js/tippy.all.min.js]
[demo.foxthemes.net/socialitev2.2/assets/js/uikit.js]
[demo.foxthemes.net/socialitev2.2/assets/js/simplebar.js]
[demo.foxthemes.net/socialitev2.2/assets/js/custom.js]
[demo.foxthemes.net/socialitev2.2/assets/js/bootstrap-select.min.js]
[demo.foxthemes.net/socialitev2.2/feed-layout-2.html]
[code.jquery.com/jquery-3.6.0.min.js]
[unpkg.com/ionicons@5.2.3/dist/ionicons.js]
[demo.foxthemes.net/socialitev2.2/assets/fonts/Feather-Iconse198.woff]
[demo.foxthemes.net/socialitev2.2/assets/fonts/Feather-Iconse198.ttf]
[demo.foxthemes.net/socialitev2.2/assets/fonts/Feather-Iconse198.svg]
[demo.foxthemes.net/socialitev2.2/assets/fonts/Material-Iconsb7df.ttf]
[demo.foxthemes.net/socialitev2.2/assets/fonts/Material-Iconsb7df.woff]
[demo.foxthemes.net/socialitev2.2/assets/fonts/Material-Iconsb7df.svg]
[demo.foxthemes.net/socialitev2.2/assets/fonts/Brand-Icons036a.woff]
[demo.foxthemes.net/socialitev2.2/assets/fonts/Brand-Icons036a.svg]
[demo.foxthemes.net/socialitev2.2/assets/fonts/Brand-Icons036a.ttf]
[demo.foxthemes.net/socialitev2.2/assets/fonts/unicons.woff]
[demo.foxthemes.net/socialitev2.2/assets/fonts/unicons.svg]
[demo.foxthemes.net/socialitev2.2/assets/css/icons.css]
[demo.foxthemes.net/socialitev2.2/assets/css/uikit.css]
[demo.foxthemes.net/socialitev2.2/assets/css/style.css]
[unpkg.com/tailwindcss@2.2.19/dist/tailwind.min.css]
[demo.foxthemes.net/socialitev2.2/assets/images/avatars/avatar-lg-5.jpg]
[demo.foxthemes.net/socialitev2.2/assets/images/icons/gift-icon.png]
[demo.foxthemes.net/socialitev2.2/chats-group.html]
[demo.foxthemes.net/socialitev2.2/feed.html]
[demo.foxthemes.net/socialitev2.2/assets/images/games/img-1.jpg]
[demo.foxthemes.net/socialitev2.2/assets/fonts/unicons.eot]
[demo.foxthemes.net/socialitev2.2/assets/images/games/img-2.jpg]
[demo.foxthemes.net/socialitev2.2/assets/images/games/img-3.jpg]
[demo.foxthemes.net/socialitev2.2/assets/images/games/img-4.jpg]
[demo.foxthemes.net/socialitev2.2/pages-upgrade.html]
[demo.foxthemes.net/socialitev2.2/assets/images/avatars/profile-cover.jpg]
[demo.foxthemes.net/socialitev2.2/assets/fonts/unicons.ttf]
[demo.foxthemes.net/socialitev2.2/timeline-group.html]
[demo.foxthemes.net/socialitev2.2/assets/images/group/group-3.jpg]
[demo.foxthemes.net/socialitev2.2/timeline-page.html]
[demo.foxthemes.net/socialitev2.2/assets/images/group/group-4.jpg]
[demo.foxthemes.net/socialitev2.2/assets/images/group/group-2.jpg]
[demo.foxthemes.net/socialitev2.2/assets/images/group/group-1.jpg]
[demo.foxthemes.net/socialitev2.2/assets/images/post/img-1.jpg]
[demo.foxthemes.net/socialitev2.2/assets/images/group/group-5.jpg]
[demo.foxthemes.net/socialitev2.2/video-watch.html]
[demo.foxthemes.net/socialitev2.2/assets/images/video/img-1.png]
[demo.foxthemes.net/socialitev2.2/assets/images/icon-play.svg]
[demo.foxthemes.net/socialitev2.2/assets/images/video/img-2.png]
[demo.foxthemes.net/socialitev2.2/assets/images/video/img-3.png]
[demo.foxthemes.net/socialitev2.2/assets/images/video/img-4.png]
[demo.foxthemes.net/socialitev2.2/assets/images/video/img-5.png]
[demo.foxthemes.net/socialitev2.2/assets/images/video/img-6.png]
[demo.foxthemes.net/socialitev2.2/timeline.html]
[demo.foxthemes.net/socialitev2.2/page-setting.html]
[demo.foxthemes.net/socialitev2.2/assets/images/group/group-cover-1.jpg]
[demo.foxthemes.net/socialitev2.2/assets/images/group/group-cover-2.jpg]
[demo.foxthemes.net/socialitev2.2/assets/images/events/img-2.jpg]
[demo.foxthemes.net/socialitev2.2/assets/images/group/group-cover-3.jpg]
[demo.foxthemes.net/socialitev2.2/assets/images/group/group-cover-4.jpg]
[demo.foxthemes.net/socialitev2.2/assets/images/category/travel.jpg]
[demo.foxthemes.net/socialitev2.2/assets/images/category/business.jpg]
[demo.foxthemes.net/socialitev2.2/assets/images/category/health.jpg]
[demo.foxthemes.net/socialitev2.2/assets/images/category/science-and-tech.jpg]
[demo.foxthemes.net/socialitev2.2/assets/images/category/Buy-and-sell.jpg]
[demo.foxthemes.net/socialitev2.2/groups.html]
[demo.foxthemes.net/socialitev2.2/pages-setting.html]
[demo.foxthemes.net/socialitev2.2/trending.71.delayed]
[demo.foxthemes.net/socialitev2.2/form-login.html]
[demo.foxthemes.net/socialitev2.2/pages.html]
[demo.foxthemes.net/socialitev2.2/videos.html]
[demo.foxthemes.net/socialitev2.2/job-details.html]
[demo.foxthemes.net/socialitev2.2/assets/images/brand/brand-avatar-4.png]
[demo.foxthemes.net/socialitev2.2/assets/images/brand/brand-avatar-3.png]
[demo.foxthemes.net/socialitev2.2/assets/images/brand/brand-avatar-1.png]
[demo.foxthemes.net/socialitev2.2/assets/images/brand/brand-avatar-2.png]
[demo.foxthemes.net/socialitev2.2/jobs.html]
[demo.foxthemes.net/socialitev2.2/course-intro.html]
[demo.foxthemes.net/socialitev2.2/assets/images/courses/img-1.jpg]
[demo.foxthemes.net/socialitev2.2/assets/images/courses/img-2.jpg]
[demo.foxthemes.net/socialitev2.2/assets/images/courses/img-3.jpg]
[demo.foxthemes.net/socialitev2.2/assets/images/courses/img-4.jpg]
[demo.foxthemes.net/socialitev2.2/assets/images/courses/img-5.jpg]
[demo.foxthemes.net/socialitev2.2/courses.html]
[demo.foxthemes.net/socialitev2.2/assets/images/games/img-lg-1.jpg]
[demo.foxthemes.net/socialitev2.2/assets/images/games/img-lg-2.jpg]
[demo.foxthemes.net/socialitev2.2/assets/images/games/img-lg-3.jpg]
[demo.foxthemes.net/socialitev2.2/games.html]
[demo.foxthemes.net/socialitev2.2/timeline-event.html]
[demo.foxthemes.net/socialitev2.2/assets/images/events/img-4.jpg]
[demo.foxthemes.net/socialitev2.2/assets/images/events/listing-1.jpg]
[demo.foxthemes.net/socialitev2.2/assets/images/events/listing-2.jpg]
[demo.foxthemes.net/socialitev2.2/assets/images/events/listing-3.jpg]
[demo.foxthemes.net/socialitev2.2/assets/images/events/listing-4.jpg]
[demo.foxthemes.net/socialitev2.2/assets/images/events/listing-5.jpg]
[demo.foxthemes.net/socialitev2.2/events.html]
[demo.foxthemes.net/socialitev2.2/product-single.html]
[demo.foxthemes.net/socialitev2.2/assets/images/product/1.jpg]
[demo.foxthemes.net/socialitev2.2/assets/images/product/4.jpg]
[demo.foxthemes.net/socialitev2.2/assets/images/product/12.jpg]
[demo.foxthemes.net/socialitev2.2/products.html]
[demo.foxthemes.net/socialitev2.2/albums.html]
[demo.foxthemes.net/socialitev2.2/blog-read.html]
[demo.foxthemes.net/socialitev2.2/assets/images/blog/img-4.jpg]
[demo.foxthemes.net/socialitev2.2/assets/images/blog/img-1.jpg]
[demo.foxthemes.net/socialitev2.2/assets/images/blog/img-2.jpg]
[demo.foxthemes.net/socialitev2.2/assets/images/blog/img-3.jpg]
[demo.foxthemes.net/socialitev2.2/blogs.html]
[demo.foxthemes.net/socialitev2.2/@tag-dev.90.delayed]
[demo.foxthemes.net/socialitev2.2/forums.html]
[demo.foxthemes.net/socialitev2.2/birthdays.html]
[demo.foxthemes.net/socialitev2.2/timeline-fundraiser.html]
[demo.foxthemes.net/socialitev2.2/assets/images/funding/funder-4.jpg]
[demo.foxthemes.net/socialitev2.2/assets/images/funding/funder-3.jpg]
[demo.foxthemes.net/socialitev2.2/assets/images/funding/funder-2.jpg]
[demo.foxthemes.net/socialitev2.2/assets/images/funding/funder-1.jpg]
[demo.foxthemes.net/socialitev2.2/fundraiser.html]
[demo.foxthemes.net/socialitev2.2/chats-friend.html]
[demo.foxthemes.net/socialitev2.2/group-feed.html]
[demo.foxthemes.net/socialitev2.2/pages-setting2.html]
[demo.foxthemes.net/socialitev2.2/assets/js/jquery-3.3.1.min.js]
[demo.foxthemes.net/socialitev2.2/pages-about.html]
[demo.foxthemes.net/socialitev2.2/pages-contact.html]
[demo.foxthemes.net/socialitev2.2/pages-privacy.html]
[demo.foxthemes.net/socialitev2.2/index.html]
[demo.foxthemes.net/socialitev2.2/create-group.html]
[demo.foxthemes.net/socialitev2.2/create-page.html]
[demo.foxthemes.net/socialitev2.2/grid]
[demo.foxthemes.net/socialitev2.2/assets/images/demos/docs-demo/photo.jpg]
[demo.foxthemes.net/socialitev2.2/assets/images/demos/docs-demo/light.jpg]
[demo.foxthemes.net/socialitev2.2/assets/images/demos/docs-demo/dark.jpg]
[demo.foxthemes.net/socialitev2.2/card.9d.delayed]
[demo.foxthemes.net/socialitev2.2/assets/images/demos/docs-demo/slider1.jpg]
[demo.foxthemes.net/socialitev2.2/assets/images/demos/docs-demo/slider2.jpg]
[demo.foxthemes.net/socialitev2.2/assets/images/demos/docs-demo/slider3.jpg]
[demo.foxthemes.net/socialitev2.2/assets/images/demos/docs-demo/slider4.jpg]
[demo.foxthemes.net/socialitev2.2/development-components.html]
[demo.foxthemes.net/socialitev2.2/development-plugins.html]
[demo.foxthemes.net/socialitev2.2/development-icons.html]
[demo.foxthemes.net/socialitev2.2/pages-terms.a2.delayed]
[demo.foxthemes.net/socialitev2.2/form-register.html]
[demo.foxthemes.net/socialitev2.2/assets/js/tippy.all.min.js]
[demo.foxthemes.net/socialitev2.2/assets/js/uikit.js]
[demo.foxthemes.net/socialitev2.2/assets/js/simplebar.js]
[demo.foxthemes.net/socialitev2.2/assets/js/custom.js]
[demo.foxthemes.net/socialitev2.2/assets/js/bootstrap-select.min.js]
[demo.foxthemes.net/socialitev2.2/assets/fonts/Feather-Iconse198.svg]
[demo.foxthemes.net/socialitev2.2/assets/fonts/Material-Iconsb7df.svg]
[demo.foxthemes.net/socialitev2.2/assets/fonts/Brand-Icons036a.svg]
[demo.foxthemes.net/socialitev2.2/assets/fonts/unicons.svg]
[demo.foxthemes.net/socialitev2.2/chats-group.html]
[demo.foxthemes.net/socialitev2.2/timeline-group.html]
[demo.foxthemes.net/socialitev2.2/timeline-page.html]
[demo.foxthemes.net/socialitev2.2/video-watch.html]
[demo.foxthemes.net/socialitev2.2/assets/images/icon-play.svg]
[demo.foxthemes.net/socialitev2.2/trending.html]
[demo.foxthemes.net/socialitev2.2/assets/images/blog/img-5.jpg]
[demo.foxthemes.net/socialitev2.2/job-details.html]
[demo.foxthemes.net/socialitev2.2/course-intro.html]
[demo.foxthemes.net/socialitev2.2/assets/images/events/img-3.jpg]
[demo.foxthemes.net/socialitev2.2/timeline-event.html]
[demo.foxthemes.net/socialitev2.2/product-single.html]
[demo.foxthemes.net/socialitev2.2/blog-read.html]
[demo.foxthemes.net/socialitev2.2/@tag-dev.html]
[demo.foxthemes.net/socialitev2.2/$]
[demo.foxthemes.net/socialitev2.2/timeline-fundraiser.html]
[demo.foxthemes.net/socialitev2.2/group-feed.html]
[demo.foxthemes.net/socialitev2.2/assets/js/jquery-3.3.1.min.js]
[demo.foxthemes.net/socialitev2.2/assets/images/logo-light.png]
[demo.foxthemes.net/socialitev2.2/assets/images/demos/first-banner.png]
[demo.foxthemes.net/socialitev2.2/assets/images/demos/second-banner.png]
[demo.foxthemes.net/socialitev2.2/landing.html]
[demo.foxthemes.net/socialitev2.2/assets/images/demos/landing.png]
[demo.foxthemes.net/socialitev2.2/assets/images/demos/feed-layout-2.png]
[demo.foxthemes.net/socialitev2.2/assets/images/demos/fundraiser.png]
[demo.foxthemes.net/socialitev2.2/assets/images/demos/fundraiser-timeline.png]
[demo.foxthemes.net/socialitev2.2/assets/images/demos/brithdays.png]
[demo.foxthemes.net/socialitev2.2/assets/images/demos/feed.png]
[demo.foxthemes.net/socialitev2.2/assets/images/demos/products.png]
[demo.foxthemes.net/socialitev2.2/assets/images/demos/product-preview.png]
[demo.foxthemes.net/socialitev2.2/assets/images/demos/albums.png]
[demo.foxthemes.net/socialitev2.2/assets/images/demos/blogs.png]
[demo.foxthemes.net/socialitev2.2/assets/images/demos/blog-description.png]
[demo.foxthemes.net/socialitev2.2/assets/images/demos/courses.png]
[demo.foxthemes.net/socialitev2.2/assets/images/demos/course-intro.png]
[demo.foxthemes.net/socialitev2.2/assets/images/demos/events.png]
[demo.foxthemes.net/socialitev2.2/assets/images/demos/forums.png]
[demo.foxthemes.net/socialitev2.2/assets/images/demos/groups.png]
[demo.foxthemes.net/socialitev2.2/assets/images/demos/chats-friend.png]
[demo.foxthemes.net/socialitev2.2/assets/images/demos/chats-group.png]
[demo.foxthemes.net/socialitev2.2/assets/images/demos/games.png]
[demo.foxthemes.net/socialitev2.2/assets/images/demos/jobs.png]
[demo.foxthemes.net/socialitev2.2/assets/images/demos/jobs-description.png]
[demo.foxthemes.net/socialitev2.2/assets/images/demos/videos.png]
[demo.foxthemes.net/socialitev2.2/assets/images/demos/videos-watch.png]
[demo.foxthemes.net/socialitev2.2/assets/images/demos/pages.png]
[demo.foxthemes.net/socialitev2.2/assets/images/demos/timeline.png]
[demo.foxthemes.net/socialitev2.2/assets/images/demos/timeline-page.png]
[demo.foxthemes.net/socialitev2.2/assets/images/demos/timeline-group.png]
[demo.foxthemes.net/socialitev2.2/assets/images/demos/timeline-event.png]
[demo.foxthemes.net/socialitev2.2/assets/images/demos/pages-setting.png]
[demo.foxthemes.net/socialitev2.2/assets/images/demos/pages-setting2.png]
[demo.foxthemes.net/socialitev2.2/assets/images/demos/create-group.png]
[demo.foxthemes.net/socialitev2.2/assets/images/demos/create-page.png]
[demo.foxthemes.net/socialitev2.2/assets/images/demos/dev-components.png]
[demo.foxthemes.net/socialitev2.2/assets/images/demos/dev-plugins.png]
[demo.foxthemes.net/socialitev2.2/assets/images/demos/dev-icons.png]
[demo.foxthemes.net/socialitev2.2/assets/images/demos/pages-upgrade.png]
[demo.foxthemes.net/socialitev2.2/assets/images/demos/pages-about.png]
[demo.foxthemes.net/socialitev2.2/assets/images/demos/pages-contact-us.png]
[demo.foxthemes.net/socialitev2.2/assets/images/demos/pages-privacy.png]
[demo.foxthemes.net/socialitev2.2/assets/images/demos/form-login.png]
[demo.foxthemes.net/socialitev2.2/assets/images/demos/form-register.png]
[foxthemes.net/assets/images/themes/prev-installo.png]
[foxthemes.net/assets/images/themes/prev-courseplus.png]
[foxthemes.net/assets/images/themes/prev-flex.png]
[foxthemes.net/assets/images/themes/prev-youplay.png]
[demo.foxthemes.net/socialitev2.2/assets/js/simplebar.min.d7.delayed]
[demo.foxthemes.net/socialitev2.2/index.html]
[demo.foxthemes.net/socialitev2.2/grid.html]
[demo.foxthemes.net/socialitev2.2/card.html]
[demo.foxthemes.net/socialitev2.2/pages-terms.html]
[demo.foxthemes.net/socialitev2.2/assets/images/blog/img-5.html]
[demo.foxthemes.net/socialitev2.2/$.html]
[demo.foxthemes.net/socialitev2.2/assets/images/logo-light.html]
[demo.foxthemes.net/socialitev2.2/landing.html]
[demo.foxthemes.net/socialitev2.2/assets/js/simplebar.min.html]
